Warning: You are sending unauthenticated requests to the HF Hub. Please set a HF_TOKEN to enable higher rate limits and faster downloads.
Loading weights:   0%|          | 0/106 [00:00<?, ?it/s]Loading weights: 100%|██████████| 106/106 [00:00<00:00, 1242.54it/s]
/usr/local/lib/python3.10/dist-packages/torch/cuda/__init__.py:180: UserWarning: CUDA initialization: The NVIDIA driver on your system is too old (found version 12080). Please update your GPU driver by downloading and installing a new version from the URL: http://www.nvidia.com/Download/index.aspx Alternatively, go to: https://pytorch.org to install a PyTorch version that has been compiled with your version of the CUDA driver. (Triggered internally at /pytorch/c10/cuda/CUDAFunctions.cpp:119.)
  return torch._C._cuda_getDeviceCount() > 0
Loading weights:   0%|          | 0/202 [00:00<?, ?it/s]Loading weights:  57%|█████▋    | 115/202 [00:00<00:00, 1116.51it/s]Loading weights: 100%|██████████| 202/202 [00:00<00:00, 1195.57it/s]
Loading weights:   0%|          | 0/202 [00:00<?, ?it/s]Loading weights:  61%|██████▏   | 124/202 [00:00<00:00, 1225.22it/s]Loading weights: 100%|██████████| 202/202 [00:00<00:00, 1253.46it/s]
Loading weights:   0%|          | 0/202 [00:00<?, ?it/s]Loading weights:  54%|█████▍    | 110/202 [00:00<00:00, 1069.92it/s]Loading weights: 100%|██████████| 202/202 [00:00<00:00, 1141.46it/s]
WARNING shieldgemma_wrapper: ShieldGemma evaluate_text failed: You are trying to access a gated repo.
Make sure to have access to it at https://huggingface.co/google/shieldgemma-2b.
401 Client Error. (Request ID: Root=1-69d5b46a-0686208744cf11853036a114;3a71e29d-7f05-4939-b857-c13bbb1014e5)

Cannot access gated repo for url https://huggingface.co/google/shieldgemma-2b/resolve/main/config.json.
Access to model google/shieldgemma-2b is restricted. You must have access to it and be authenticated to access it. Please log in.
warning: teacher unavailable or error for text id='seed-001'
WARNING shieldgemma_wrapper: ShieldGemma evaluate_text failed: OSError: You are trying to access a gated repo.
Make sure to have access to it at https://huggingface.co/google/shieldgemma-2b.
401 Client Error. (Request ID: Root=1-69d5b46a-0686208744cf11853036a114;3a71e29d-7f05-4939-b857-c13bbb1014e5)

Cannot access gated repo for url https://huggingface.co/google/shieldgemma-2b/resolve/main/config.json.
Access to model google/shieldgemma-2b is restricted. You must have access to it and be authenticated to access it. Please log in.
warning: teacher unavailable or error for text id='seed-002'
WARNING shieldgemma_wrapper: ShieldGemma evaluate_text failed: OSError: You are trying to access a gated repo.
Make sure to have access to it at https://huggingface.co/google/shieldgemma-2b.
401 Client Error. (Request ID: Root=1-69d5b46a-0686208744cf11853036a114;3a71e29d-7f05-4939-b857-c13bbb1014e5)

Cannot access gated repo for url https://huggingface.co/google/shieldgemma-2b/resolve/main/config.json.
Access to model google/shieldgemma-2b is restricted. You must have access to it and be authenticated to access it. Please log in.
warning: teacher unavailable or error for text id='seed-003'
WARNING shieldgemma_wrapper: ShieldGemma evaluate_text failed: OSError: You are trying to access a gated repo.
Make sure to have access to it at https://huggingface.co/google/shieldgemma-2b.
401 Client Error. (Request ID: Root=1-69d5b46a-0686208744cf11853036a114;3a71e29d-7f05-4939-b857-c13bbb1014e5)

Cannot access gated repo for url https://huggingface.co/google/shieldgemma-2b/resolve/main/config.json.
Access to model google/shieldgemma-2b is restricted. You must have access to it and be authenticated to access it. Please log in.
warning: teacher unavailable or error for text id='seed-004'
WARNING shieldgemma_wrapper: ShieldGemma evaluate_text failed: OSError: You are trying to access a gated repo.
Make sure to have access to it at https://huggingface.co/google/shieldgemma-2b.
401 Client Error. (Request ID: Root=1-69d5b46a-0686208744cf11853036a114;3a71e29d-7f05-4939-b857-c13bbb1014e5)

Cannot access gated repo for url https://huggingface.co/google/shieldgemma-2b/resolve/main/config.json.
Access to model google/shieldgemma-2b is restricted. You must have access to it and be authenticated to access it. Please log in.
warning: teacher unavailable or error for text id='seed-005'
WARNING shieldgemma_wrapper: ShieldGemma evaluate_text failed: OSError: You are trying to access a gated repo.
Make sure to have access to it at https://huggingface.co/google/shieldgemma-2b.
401 Client Error. (Request ID: Root=1-69d5b46a-0686208744cf11853036a114;3a71e29d-7f05-4939-b857-c13bbb1014e5)

Cannot access gated repo for url https://huggingface.co/google/shieldgemma-2b/resolve/main/config.json.
Access to model google/shieldgemma-2b is restricted. You must have access to it and be authenticated to access it. Please log in.
warning: teacher unavailable or error for text id='seed-006'
WARNING shieldgemma_wrapper: ShieldGemma evaluate_text failed: OSError: You are trying to access a gated repo.
Make sure to have access to it at https://huggingface.co/google/shieldgemma-2b.
401 Client Error. (Request ID: Root=1-69d5b46a-0686208744cf11853036a114;3a71e29d-7f05-4939-b857-c13bbb1014e5)

Cannot access gated repo for url https://huggingface.co/google/shieldgemma-2b/resolve/main/config.json.
Access to model google/shieldgemma-2b is restricted. You must have access to it and be authenticated to access it. Please log in.
warning: teacher unavailable or error for text id='seed-007'
WARNING shieldgemma_wrapper: ShieldGemma evaluate_text failed: OSError: You are trying to access a gated repo.
Make sure to have access to it at https://huggingface.co/google/shieldgemma-2b.
401 Client Error. (Request ID: Root=1-69d5b46a-0686208744cf11853036a114;3a71e29d-7f05-4939-b857-c13bbb1014e5)

Cannot access gated repo for url https://huggingface.co/google/shieldgemma-2b/resolve/main/config.json.
Access to model google/shieldgemma-2b is restricted. You must have access to it and be authenticated to access it. Please log in.
warning: teacher unavailable or error for text id='seed-008'
WARNING shieldgemma_wrapper: ShieldGemma evaluate_text failed: OSError: You are trying to access a gated repo.
Make sure to have access to it at https://huggingface.co/google/shieldgemma-2b.
401 Client Error. (Request ID: Root=1-69d5b46a-0686208744cf11853036a114;3a71e29d-7f05-4939-b857-c13bbb1014e5)

Cannot access gated repo for url https://huggingface.co/google/shieldgemma-2b/resolve/main/config.json.
Access to model google/shieldgemma-2b is restricted. You must have access to it and be authenticated to access it. Please log in.
warning: teacher unavailable or error for text id='seed-009'
WARNING shieldgemma_wrapper: ShieldGemma evaluate_text failed: OSError: You are trying to access a gated repo.
Make sure to have access to it at https://huggingface.co/google/shieldgemma-2b.
401 Client Error. (Request ID: Root=1-69d5b46a-0686208744cf11853036a114;3a71e29d-7f05-4939-b857-c13bbb1014e5)

Cannot access gated repo for url https://huggingface.co/google/shieldgemma-2b/resolve/main/config.json.
Access to model google/shieldgemma-2b is restricted. You must have access to it and be authenticated to access it. Please log in.
warning: teacher unavailable or error for text id='seed-010'
WARNING shieldgemma_wrapper: ShieldGemma evaluate_text failed: OSError: You are trying to access a gated repo.
Make sure to have access to it at https://huggingface.co/google/shieldgemma-2b.
401 Client Error. (Request ID: Root=1-69d5b46a-0686208744cf11853036a114;3a71e29d-7f05-4939-b857-c13bbb1014e5)

Cannot access gated repo for url https://huggingface.co/google/shieldgemma-2b/resolve/main/config.json.
Access to model google/shieldgemma-2b is restricted. You must have access to it and be authenticated to access it. Please log in.
warning: teacher unavailable or error for text id='seed-011'
WARNING shieldgemma_wrapper: ShieldGemma evaluate_text failed: OSError: You are trying to access a gated repo.
Make sure to have access to it at https://huggingface.co/google/shieldgemma-2b.
401 Client Error. (Request ID: Root=1-69d5b46a-0686208744cf11853036a114;3a71e29d-7f05-4939-b857-c13bbb1014e5)

Cannot access gated repo for url https://huggingface.co/google/shieldgemma-2b/resolve/main/config.json.
Access to model google/shieldgemma-2b is restricted. You must have access to it and be authenticated to access it. Please log in.
warning: teacher unavailable or error for text id='seed-012'
WARNING shieldgemma_wrapper: ShieldGemma evaluate_text failed: OSError: You are trying to access a gated repo.
Make sure to have access to it at https://huggingface.co/google/shieldgemma-2b.
401 Client Error. (Request ID: Root=1-69d5b46a-0686208744cf11853036a114;3a71e29d-7f05-4939-b857-c13bbb1014e5)

Cannot access gated repo for url https://huggingface.co/google/shieldgemma-2b/resolve/main/config.json.
Access to model google/shieldgemma-2b is restricted. You must have access to it and be authenticated to access it. Please log in.
warning: teacher unavailable or error for text id='seed-013'
WARNING shieldgemma_wrapper: ShieldGemma evaluate_text failed: OSError: You are trying to access a gated repo.
Make sure to have access to it at https://huggingface.co/google/shieldgemma-2b.
401 Client Error. (Request ID: Root=1-69d5b46a-0686208744cf11853036a114;3a71e29d-7f05-4939-b857-c13bbb1014e5)

Cannot access gated repo for url https://huggingface.co/google/shieldgemma-2b/resolve/main/config.json.
Access to model google/shieldgemma-2b is restricted. You must have access to it and be authenticated to access it. Please log in.
warning: teacher unavailable or error for text id='seed-014'
WARNING shieldgemma_wrapper: ShieldGemma evaluate_text failed: OSError: You are trying to access a gated repo.
Make sure to have access to it at https://huggingface.co/google/shieldgemma-2b.
401 Client Error. (Request ID: Root=1-69d5b46a-0686208744cf11853036a114;3a71e29d-7f05-4939-b857-c13bbb1014e5)

Cannot access gated repo for url https://huggingface.co/google/shieldgemma-2b/resolve/main/config.json.
Access to model google/shieldgemma-2b is restricted. You must have access to it and be authenticated to access it. Please log in.
warning: teacher unavailable or error for text id='seed-015'
WARNING shieldgemma_wrapper: ShieldGemma evaluate_text failed: OSError: You are trying to access a gated repo.
Make sure to have access to it at https://huggingface.co/google/shieldgemma-2b.
401 Client Error. (Request ID: Root=1-69d5b46a-0686208744cf11853036a114;3a71e29d-7f05-4939-b857-c13bbb1014e5)

Cannot access gated repo for url https://huggingface.co/google/shieldgemma-2b/resolve/main/config.json.
Access to model google/shieldgemma-2b is restricted. You must have access to it and be authenticated to access it. Please log in.
warning: teacher unavailable or error for text id='seed-016'
WARNING shieldgemma_wrapper: ShieldGemma evaluate_text failed: OSError: You are trying to access a gated repo.
Make sure to have access to it at https://huggingface.co/google/shieldgemma-2b.
401 Client Error. (Request ID: Root=1-69d5b46a-0686208744cf11853036a114;3a71e29d-7f05-4939-b857-c13bbb1014e5)

Cannot access gated repo for url https://huggingface.co/google/shieldgemma-2b/resolve/main/config.json.
Access to model google/shieldgemma-2b is restricted. You must have access to it and be authenticated to access it. Please log in.
warning: teacher unavailable or error for text id='seed-017'
WARNING shieldgemma_wrapper: ShieldGemma evaluate_text failed: OSError: You are trying to access a gated repo.
Make sure to have access to it at https://huggingface.co/google/shieldgemma-2b.
401 Client Error. (Request ID: Root=1-69d5b46a-0686208744cf11853036a114;3a71e29d-7f05-4939-b857-c13bbb1014e5)

Cannot access gated repo for url https://huggingface.co/google/shieldgemma-2b/resolve/main/config.json.
Access to model google/shieldgemma-2b is restricted. You must have access to it and be authenticated to access it. Please log in.
warning: teacher unavailable or error for text id='seed-018'
WARNING shieldgemma_wrapper: ShieldGemma evaluate_text failed: OSError: You are trying to access a gated repo.
Make sure to have access to it at https://huggingface.co/google/shieldgemma-2b.
401 Client Error. (Request ID: Root=1-69d5b46a-0686208744cf11853036a114;3a71e29d-7f05-4939-b857-c13bbb1014e5)

Cannot access gated repo for url https://huggingface.co/google/shieldgemma-2b/resolve/main/config.json.
Access to model google/shieldgemma-2b is restricted. You must have access to it and be authenticated to access it. Please log in.
warning: teacher unavailable or error for text id='seed-019'
WARNING shieldgemma_wrapper: ShieldGemma evaluate_text failed: OSError: You are trying to access a gated repo.
Make sure to have access to it at https://huggingface.co/google/shieldgemma-2b.
401 Client Error. (Request ID: Root=1-69d5b46a-0686208744cf11853036a114;3a71e29d-7f05-4939-b857-c13bbb1014e5)

Cannot access gated repo for url https://huggingface.co/google/shieldgemma-2b/resolve/main/config.json.
Access to model google/shieldgemma-2b is restricted. You must have access to it and be authenticated to access it. Please log in.
warning: teacher unavailable or error for text id='seed-020'
WARNING shieldgemma_wrapper: ShieldGemma evaluate_text failed: OSError: You are trying to access a gated repo.
Make sure to have access to it at https://huggingface.co/google/shieldgemma-2b.
401 Client Error. (Request ID: Root=1-69d5b46a-0686208744cf11853036a114;3a71e29d-7f05-4939-b857-c13bbb1014e5)

Cannot access gated repo for url https://huggingface.co/google/shieldgemma-2b/resolve/main/config.json.
Access to model google/shieldgemma-2b is restricted. You must have access to it and be authenticated to access it. Please log in.
warning: teacher unavailable or error for text id='seed-021'
WARNING shieldgemma_wrapper: ShieldGemma evaluate_text failed: OSError: You are trying to access a gated repo.
Make sure to have access to it at https://huggingface.co/google/shieldgemma-2b.
401 Client Error. (Request ID: Root=1-69d5b46a-0686208744cf11853036a114;3a71e29d-7f05-4939-b857-c13bbb1014e5)

Cannot access gated repo for url https://huggingface.co/google/shieldgemma-2b/resolve/main/config.json.
Access to model google/shieldgemma-2b is restricted. You must have access to it and be authenticated to access it. Please log in.
warning: teacher unavailable or error for text id='seed-022'
WARNING shieldgemma_wrapper: ShieldGemma evaluate_text failed: OSError: You are trying to access a gated repo.
Make sure to have access to it at https://huggingface.co/google/shieldgemma-2b.
401 Client Error. (Request ID: Root=1-69d5b46a-0686208744cf11853036a114;3a71e29d-7f05-4939-b857-c13bbb1014e5)

Cannot access gated repo for url https://huggingface.co/google/shieldgemma-2b/resolve/main/config.json.
Access to model google/shieldgemma-2b is restricted. You must have access to it and be authenticated to access it. Please log in.
warning: teacher unavailable or error for text id='seed-023'
WARNING shieldgemma_wrapper: ShieldGemma evaluate_text failed: OSError: You are trying to access a gated repo.
Make sure to have access to it at https://huggingface.co/google/shieldgemma-2b.
401 Client Error. (Request ID: Root=1-69d5b46a-0686208744cf11853036a114;3a71e29d-7f05-4939-b857-c13bbb1014e5)

Cannot access gated repo for url https://huggingface.co/google/shieldgemma-2b/resolve/main/config.json.
Access to model google/shieldgemma-2b is restricted. You must have access to it and be authenticated to access it. Please log in.
warning: teacher unavailable or error for text id='seed-024'
error: no rows written — experts failed (install torch+transformers, check HF/cache).
Wrote 0 rows (Q dim=4, label from shieldgemma)
EXIT:2
